[20:30:20] [main/INFO]: Loading Minecraft 1.20.1 with Fabric Loader 0.15.11
[20:30:20] [main/INFO]: Loading 50 mods:
	- blockui 0.0.1-port
	- domum_ornamentum 1.0.0-port
	- fabric-api 0.92.2+1.20.1
	   |-- fabric-blockrenderlayer-v1 1.1.41+1802ada577
	   |-- fabric-client-tags-api-v1 1.1.2+1802ada577
	   |-- fabric-key-binding-api-v1 1.0.37+1802ada577
	   |-- fabric-keybindings-v0 0.2.35+df3654b377
	   |-- fabric-model-loading-api-v1 1.0.3+1802ada577
	   |-- fabric-models-v0 0.4.2+9386d8a777
	   |-- fabric-renderer-api-v1 3.2.1+1802ada577
	   |-- fabric-renderer-indigo 1.5.2+85287f9f77
	   |-- fabric-renderer-registries-v1 3.2.46+df3654b377
	   |-- fabric-rendering-v0 1.1.49+df3654b377
	   |-- fabric-rendering-v1 3.0.8+1802ada577
	   |-- fabric-screen-api-v1 2.0.8+1802ada577
	   \-- fabric-sound-api-v1 1.0.13+1802ada577
	- fabric-api-base 0.4.31+1802ada577
	- fabric-api-lookup-api-v1 1.6.36+1802ada577
	- fabric-biome-api-v1 13.0.13+1802ada577
	- fabric-block-api-v1 1.0.11+1802ada577
	- fabric-block-view-api-v2 1.0.1+1802ada577
	- fabric-command-api-v1 1.2.34+f71b366f77
	- fabric-command-api-v2 2.2.13+1802ada577
	- fabric-commands-v0 0.2.51+df3654b377
	- fabric-containers-v0 0.1.64+df3654b377
	- fabric-content-registries-v0 4.0.11+1802ada577
	- fabric-convention-tags-v1 1.5.5+1802ada577
	- fabric-crash-report-info-v1 0.2.19+1802ada577
	- fabric-data-attachment-api-v1 1.0.0+de0fd6d177
	- fabric-data-generation-api-v1 12.3.4+1802ada577
	- fabric-dimensions-v1 2.1.54+1802ada577
	- fabric-entity-events-v1 1.6.0+1c78457f77
	- fabric-events-interaction-v0 0.6.2+1802ada577
	- fabric-events-lifecycle-v0 0.2.63+df3654b377
	- fabric-game-rule-api-v1 1.0.40+1802ada577
	- fabric-gametest-api-v1 1.2.13+1802ada577
	- fabric-item-api-v1 2.1.28+1802ada577
	- fabric-item-group-api-v1 4.0.12+1802ada577
	- fabric-lifecycle-events-v1 2.2.22+1802ada577
	- fabric-loot-api-v2 1.2.1+1802ada577
	- fabric-loot-tables-v1 1.1.45+9e7660c677
	- fabric-message-api-v1 5.1.9+1802ada577
	- fabric-mining-level-api-v1 2.1.50+1802ada577
	- fabric-networking-api-v1 1.3.11+1802ada577
	- fabric-networking-v0 0.3.51+df3654b377
	- fabric-object-builder-api-v1 11.1.3+1802ada577
	- fabric-particles-v1 1.1.2+1802ada577
	- fabric-recipe-api-v1 1.0.21+1802ada577
	- fabric-registry-sync-v0 2.3.3+1802ada577
	- fabric-rendering-data-attachment-v1 0.3.37+92a0d36777
	- fabric-rendering-fluids-v1 3.0.28+1802ada577
	- fabric-resource-conditions-api-v1 2.3.8+1802ada577
	- fabric-resource-loader-v0 0.11.10+1802ada577
	- fabric-screen-handler-api-v1 1.3.30+1802ada577
	- fabric-transfer-api-v1 3.3.5+8dd72ea377
	- fabric-transitive-access-wideners-v1 4.3.1+1802ada577
	- fabricloader 0.15.11
	   \-- mixinextras 0.3.5
	- java 17
	- minecolonies 1.0.0-port
	- minecraft 1.20.1
	- multipiston 0.0.1-port
	- structurize 1.0.0-port
[20:30:20] [main/INFO]: SpongePowered MIXIN Subsystem Version=0.8.5 Source=file:/E:/Destiny/Minecolonies%20Fabric%201.20.1/project/minecolonies/run-dedicated-bundle-20260922/libraries/net/fabricmc/sponge-mixin/0.13.3+mixin.0.8.5/sponge-mixin-0.13.3+mixin.0.8.5.jar Service=Knot/Fabric Env=SERVER
[20:30:21] [main/INFO]: Compatibility level set to JAVA_16
[20:30:21] [main/INFO]: Compatibility level set to JAVA_17
[20:30:22] [main/INFO]: Initializing MixinExtras via com.llamalad7.mixinextras.service.MixinExtrasServiceImpl(version=0.3.5).
[20:30:33] [main/ERROR]: No data fixer registered for minecolonies:citizen
[20:30:33] [main/ERROR]: No data fixer registered for minecolonies:fishhook
[20:30:33] [main/ERROR]: No data fixer registered for minecolonies:visitor
[20:30:33] [main/ERROR]: No data fixer registered for minecolonies:mercenary
[20:30:33] [main/ERROR]: No data fixer registered for minecolonies:barbarian
[20:30:33] [main/ERROR]: No data fixer registered for minecolonies:archerbarbarian
[20:30:33] [main/ERROR]: No data fixer registered for minecolonies:chiefbarbarian
[20:30:33] [main/ERROR]: No data fixer registered for minecolonies:pirate
[20:30:33] [main/ERROR]: No data fixer registered for minecolonies:archerpirate
[20:30:33] [main/ERROR]: No data fixer registered for minecolonies:chiefpirate
[20:30:33] [main/ERROR]: No data fixer registered for minecolonies:sittingentity
[20:30:33] [main/ERROR]: No data fixer registered for minecolonies:mcminecart
[20:30:33] [main/ERROR]: No data fixer registered for minecolonies:mummy
[20:30:33] [main/ERROR]: No data fixer registered for minecolonies:archermummy
[20:30:33] [main/ERROR]: No data fixer registered for minecolonies:pharao
[20:30:33] [main/ERROR]: No data fixer registered for minecolonies:amazon
[20:30:33] [main/ERROR]: No data fixer registered for minecolonies:amazonspearman
[20:30:33] [main/ERROR]: No data fixer registered for minecolonies:amazonchief
[20:30:33] [main/ERROR]: No data fixer registered for minecolonies:firearrow
[20:30:33] [main/ERROR]: No data fixer registered for minecolonies:mcnormalarrow
[20:30:33] [main/ERROR]: No data fixer registered for minecolonies:druidpotion
[20:30:33] [main/ERROR]: No data fixer registered for minecolonies:shieldmaiden
[20:30:33] [main/ERROR]: No data fixer registered for minecolonies:norsemenarcher
[20:30:33] [main/ERROR]: No data fixer registered for minecolonies:norsemenchief
[20:30:33] [main/ERROR]: No data fixer registered for minecolonies:spear
[20:30:34] [main/WARN]: Reconfiguring logging for RS.
[20:30:34] [main/WARN]: Reconfigured logging for RS.
[20:30:34] [main/WARN]: Register mappings
[20:30:35] [main/INFO]: Structurize Fabric 1.20.1 initialized
[20:30:35] [main/INFO]: Environment: authHost='https://authserver.mojang.com', accountsHost='https://api.mojang.com', sessionHost='https://sessionserver.mojang.com', servicesHost='https://api.minecraftservices.com', name='PROD'
[20:30:37] [main/INFO]: Loaded 9 recipes
[20:30:37] [main/INFO]: Loaded 1479 advancements
[20:30:37] [main/INFO]: Beginning load of custom recipes for colony workers
[20:30:37] [main/INFO]: Loaded 130 recipes for 14 crafters
[20:30:37] [main/INFO]: Beginning load of research for University.
[20:30:37] [main/INFO]: Loaded 201 recipes for 4 research branches
[20:30:37] [main/INFO]: Loading quests from data
[20:30:37] [main/INFO]: Finished loading quests from data
[20:30:37] [main/WARN]: Read 1456 items with their nbt keys for compatibility.
[20:30:38] [main/INFO]: Applied 0 biome modifications to 0 of 64 new biomes in 1.889 ms
[20:30:38] [Server thread/INFO]: Starting minecraft server version 1.20.1
[20:30:38] [Server thread/INFO]: Loading properties
[20:30:38] [Server thread/INFO]: Default game type: SURVIVAL
[20:30:38] [Server thread/INFO]: Generating keypair
[20:30:38] [Structurize IO Worker #0/INFO]: Registered structure pack: Warped Netherlands
[20:30:38] [Structurize IO Worker #0/INFO]: Registered structure pack: Stalactite Caves
[20:30:38] [Structurize IO Worker #0/INFO]: Registered structure pack: Space Wars
[20:30:38] [Structurize IO Worker #0/INFO]: Registered structure pack: Shire
[20:30:38] [Structurize IO Worker #0/INFO]: Registered structure pack: Desert Oasis
[20:30:38] [Structurize IO Worker #0/INFO]: Registered structure pack: Pagoda
[20:30:38] [Structurize IO Worker #0/INFO]: Registered structure pack: Minecolonies Original
[20:30:38] [Structurize IO Worker #0/INFO]: Registered structure pack: Nordic Spruce
[20:30:38] [Structurize IO Worker #0/INFO]: Registered structure pack: Medieval Spruce
[20:30:38] [Structurize IO Worker #0/INFO]: Registered structure pack: Medieval Oak
[20:30:38] [Structurize IO Worker #0/INFO]: Registered structure pack: Medieval Dark Oak
[20:30:38] [Structurize IO Worker #0/INFO]: Registered structure pack: Medieval Birch
[20:30:38] [Structurize IO Worker #0/INFO]: Registered structure pack: Lost Mesa City
[20:30:38] [Structurize IO Worker #0/INFO]: Registered structure pack: Jungle Treehouse
[20:30:38] [Structurize IO Worker #0/INFO]: Registered structure pack: Incan
[20:30:38] [Structurize IO Worker #0/INFO]: Registered structure pack: Fortress
[20:30:38] [Structurize IO Worker #0/INFO]: Registered structure pack: Dark Oak Treehouse
[20:30:38] [Structurize IO Worker #0/INFO]: Registered structure pack: Colonial
[20:30:38] [Structurize IO Worker #0/INFO]: Registered structure pack: Cavern
[20:30:38] [Structurize IO Worker #0/INFO]: Registered structure pack: Caledonia
[20:30:38] [Structurize IO Worker #0/INFO]: Registered structure pack: Urban Birch
[20:30:38] [Structurize IO Worker #0/INFO]: Registered structure pack: Urban Savanna
[20:30:38] [Structurize IO Worker #0/WARN]: Failed loading packs from main folder path: .
[20:30:38] [Structurize IO Worker #0/WARN]: Failed loading client packs from main folder path: .
[20:30:38] [Structurize IO Worker #0/WARN]: Finished discovering Server Structure packs
[20:30:38] [Server thread/INFO]: Starting Minecraft server on 127.0.0.1:0
[20:30:38] [Server thread/INFO]: Using default channel type
[20:30:38] [Server thread/INFO]: Preparing level "world"
[20:30:39] [Server thread/INFO]: Preparing start region for dimension minecraft:overworld
[20:30:42] [Worker-Main-7/INFO]: Preparing spawn area: 0%
[20:30:42] [Worker-Main-7/INFO]: Preparing spawn area: 0%
[20:30:42] [Worker-Main-7/INFO]: Preparing spawn area: 0%
[20:30:42] [Worker-Main-4/INFO]: Preparing spawn area: 0%
[20:30:42] [Worker-Main-8/INFO]: Preparing spawn area: 0%
[20:30:42] [Worker-Main-3/INFO]: Preparing spawn area: 4%
[20:30:42] [Worker-Main-3/INFO]: Preparing spawn area: 83%
[20:30:43] [Server thread/INFO]: Time elapsed: 3236 ms
[20:30:43] [Server thread/INFO]: Done (4.469s)! For help, type "help"
[20:30:43] [Server thread/INFO]: Finished discovering Ores 18 21
[20:30:43] [Server thread/INFO]: Finished discovering saplings 10
[20:30:43] [Server thread/INFO]: Finished discovering plantables 19
[20:30:43] [Server thread/INFO]: Finished discovering food 44 56
[20:30:43] [Server thread/INFO]: Finished discovering fuel 249
[20:30:43] [Server thread/INFO]: Finished discovering flowers 24
[20:30:43] [Server thread/INFO]: Finished discovering items 1917
[20:30:43] [Server thread/INFO]: Finished discovering lucky oreBlocks 6
[20:30:43] [Server thread/INFO]: Finished discovering recruitment costs
[20:30:43] [Server thread/INFO]: Finished discovering diseases
[20:30:43] [Server thread/INFO]: Finished discovering compostables 139
[20:30:58] [Server thread/INFO]: Saving the game (this may take a moment!)
[20:30:58] [Server thread/INFO]: Saved the game
[20:31:03] [Server thread/INFO]: Stopping the server
[20:31:03] [Server thread/INFO]: Stopping server
[20:31:03] [Server thread/INFO]: Saving players
[20:31:03] [Server thread/INFO]: Saving worlds
[20:31:04] [Server thread/INFO]: Saving chunks for level 'ServerLevel[world]'/minecraft:overworld
[20:31:05] [Server thread/INFO]: Saving chunks for level 'ServerLevel[world]'/minecraft:the_end
[20:31:05] [Server thread/INFO]: Saving chunks for level 'ServerLevel[world]'/minecraft:the_nether
[20:31:05] [Server thread/INFO]: ThreadedAnvilChunkStorage (world): All chunks are saved
[20:31:05] [Server thread/INFO]: ThreadedAnvilChunkStorage (DIM1): All chunks are saved
[20:31:05] [Server thread/INFO]: ThreadedAnvilChunkStorage (DIM-1): All chunks are saved
[20:31:05] [Server thread/INFO]: ThreadedAnvilChunkStorage: All dimensions are saved
